{
  "scoredPairs": 281610,
  "candidateRowsEmitted": 450,
  "ticketsWithAtLeastOneCandidate": 90,
  "ticketsStillUnmatchedAfterCandidates": 0,
  "evidenceTierBreakdown": {
    "strong": 178,
    "moderate": 220,
    "soft": 34,
    "speculative": 18
  },
  "topTicketsByStrongOrModerateCount": [
    {
      "key": "CX-3146",
      "count": 5
    },
    {
      "key": "CX-3159",
      "count": 5
    },
    {
      "key": "CX-3167",
      "count": 5
    },
    {
      "key": "CX-3169",
      "count": 5
    },
    {
      "key": "CX-3181",
      "count": 5
    },
    {
      "key": "CX-3219",
      "count": 5
    },
    {
      "key": "CX-3252",
      "count": 5
    },
    {
      "key": "CX-3254",
      "count": 5
    },
    {
      "key": "CX-3274",
      "count": 5
    },
    {
      "key": "CX-3287",
      "count": 5
    },
    {
      "key": "CX-3303",
      "count": 5
    },
    {
      "key": "CX-3304",
      "count": 5
    },
    {
      "key": "CX-3319",
      "count": 5
    },
    {
      "key": "CX-3350",
      "count": 5
    },
    {
      "key": "CX-3351",
      "count": 5
    }
  ],
  "topTicketsByAnyCandidateCount": [
    {
      "key": "CX-2734",
      "count": 5
    },
    {
      "key": "CX-2983",
      "count": 5
    },
    {
      "key": "CX-3146",
      "count": 5
    },
    {
      "key": "CX-3159",
      "count": 5
    },
    {
      "key": "CX-3162",
      "count": 5
    },
    {
      "key": "CX-3163",
      "count": 5
    },
    {
      "key": "CX-3167",
      "count": 5
    },
    {
      "key": "CX-3169",
      "count": 5
    },
    {
      "key": "CX-3181",
      "count": 5
    },
    {
      "key": "CX-3219",
      "count": 5
    }
  ],
  "topBestGuessCandidates": [
    {
      "key": "CX-3159",
      "composite": 0.95,
      "subject": "fix: doc template delete for client user",
      "tier": "strong",
      "signals": "A+D+K"
    },
    {
      "key": "CX-3387",
      "composite": 0.95,
      "subject": "feat: client workspace switching",
      "tier": "strong",
      "signals": "A+D+K"
    },
    {
      "key": "CX-3389",
      "composite": 0.95,
      "subject": "feat: workspace switching for client-vendor",
      "tier": "strong",
      "signals": "A+D+K"
    },
    {
      "key": "CX-3405",
      "composite": 0.95,
      "subject": "feat: workspace switching for client-vendor",
      "tier": "strong",
      "signals": "A+D+K"
    },
    {
      "key": "CX-3520",
      "composite": 0.95,
      "subject": "fix: issues with preferred vendors not populating",
      "tier": "strong",
      "signals": "A+D+K"
    },
    {
      "key": "CX-3254",
      "composite": 0.93,
      "subject": "refactor: update MSA contract DTO to use optional properties for start and end d",
      "tier": "strong",
      "signals": "A+D+K"
    },
    {
      "key": "CX-3428",
      "composite": 0.921,
      "subject": "fix: issues with client-vendor listing",
      "tier": "strong",
      "signals": "A+D+K"
    },
    {
      "key": "CX-3489",
      "composite": 0.921,
      "subject": "fix: issues with client-vendor listing",
      "tier": "strong",
      "signals": "A+D+K"
    },
    {
      "key": "CX-3351",
      "composite": 0.9,
      "subject": "fix: api update for sow create",
      "tier": "strong",
      "signals": "A+D+K"
    },
    {
      "key": "CX-3353",
      "composite": 0.9,
      "subject": "feat: add endpoint to manually override required license status for ClientVendor",
      "tier": "strong",
      "signals": "A+D+K"
    },
    {
      "key": "CX-3406",
      "composite": 0.9,
      "subject": "fix: issues with client-vendor listing",
      "tier": "strong",
      "signals": "A+D+K"
    },
    {
      "key": "CX-3419",
      "composite": 0.9,
      "subject": "feat: new per client vendor flow",
      "tier": "strong",
      "signals": "A+D+K"
    },
    {
      "key": "CX-3470",
      "composite": 0.9,
      "subject": "fix: client mode vendor view updated",
      "tier": "strong",
      "signals": "A+D+K"
    },
    {
      "key": "CX-3485",
      "composite": 0.9,
      "subject": "fix: client invite changes",
      "tier": "strong",
      "signals": "A+D+K"
    },
    {
      "key": "CX-3521",
      "composite": 0.9,
      "subject": "fix: restricting already invited vendors",
      "tier": "strong",
      "signals": "A+D+K"
    }
  ],
  "methodology": {
    "signals": {
      "author": "name/email match with Jira assignee",
      "date": "in [created-14d, resolved+60d] with continuous falloff to 0 at gap=120d",
      "keyword": "Jaccard of summary tokens vs commit subject+body tokens (rescaled x3)",
      "keyref": "any CX-#### token in commit (only present for non-done-list keys here)"
    },
    "weights": {
      "author": 0.4,
      "date": 0.35,
      "keyword": 0.2,
      "keyref": 0.05
    },
    "candidateMinComposite": 0.3,
    "distinctSignalsRequired": 2,
    "keptPerTicket": 5,
    "noSingleSignalAllowed": true
  }
}
