{
  "model": "sentence-transformers/all-MiniLM-L6-v2",
  "embeddingDim": 384,
  "ticketsEncoded": 100,
  "commitsEncoded": 3129,
  "topKPerTicket": 8,
  "rowsEmitted": 800,
  "topByFinalScore": [
    {
      "key": "CX-3159",
      "codeSim": 0.6392,
      "msComposite": 0.95,
      "finalScore": 0.7946,
      "priorTier": "strong",
      "subject": "fix: doc template delete for client user",
      "codeSubject": "Unable to Delete Contract Template from Client Account"
    },
    {
      "key": "CX-3287",
      "codeSim": 0.6599,
      "msComposite": 0.89,
      "finalScore": 0.775,
      "priorTier": "strong",
      "subject": "fix(rfp): email preview changed to latest email template design",
      "codeSubject": "Update Email Preview UI in \u201cSend RFP to Vendors\u201d page to lat"
    },
    {
      "key": "CX-3287",
      "codeSim": 0.6511,
      "msComposite": 0.861,
      "finalScore": 0.756,
      "priorTier": "strong",
      "subject": "fix(rfp): email preview subject line changed",
      "codeSubject": "Update Email Preview UI in \u201cSend RFP to Vendors\u201d page to lat"
    },
    {
      "key": "CX-3252",
      "codeSim": 0.6469,
      "msComposite": 0.85,
      "finalScore": 0.7485,
      "priorTier": "strong",
      "subject": "fix: corporate contacts gets email nevertheless they have access to property",
      "codeSubject": "Enhance contract expiration email notifications to include n"
    },
    {
      "key": "CX-3462",
      "codeSim": 0.5995,
      "msComposite": 0.888,
      "finalScore": 0.7438,
      "priorTier": "strong",
      "subject": "feat: add legal name validation to prevent duplicate vendor entries",
      "codeSubject": "Vendor Legal Name is not being validated when sending an inv"
    },
    {
      "key": "CX-3482",
      "codeSim": 0.6865,
      "msComposite": 0.78,
      "finalScore": 0.7333,
      "priorTier": "moderate",
      "subject": "fix: label change",
      "codeSubject": "Update Menu Label from 'Client Vendors' to 'Update Client Ve"
    },
    {
      "key": "CX-3252",
      "codeSim": 0.6198,
      "msComposite": 0.81,
      "finalScore": 0.7149,
      "priorTier": "strong",
      "subject": "fix: added non property contact too",
      "codeSubject": "Enhance contract expiration email notifications to include n"
    },
    {
      "key": "CX-3430",
      "codeSim": 0.7066,
      "msComposite": 0.722,
      "finalScore": 0.7143,
      "priorTier": "moderate",
      "subject": "Merge pull request #2022 from Connexus-inc/ajay/fix/vendor-retry-invite-reuse",
      "codeSubject": "Resent Invitation Link Displays Non-User-Friendly Error Mess"
    },
    {
      "key": "CX-3167",
      "codeSim": 0.5722,
      "msComposite": 0.805,
      "finalScore": 0.6886,
      "priorTier": "moderate",
      "subject": "fix(property-insurance-export): update policy annual premium formatting to use '",
      "codeSubject": "Premium field in exported report should display \u201c- / Nil\u201d wh"
    },
    {
      "key": "CX-3430",
      "codeSim": 0.6683,
      "msComposite": 0.705,
      "finalScore": 0.6866,
      "priorTier": "soft",
      "subject": "fix: change error message",
      "codeSubject": "Resent Invitation Link Displays Non-User-Friendly Error Mess"
    },
    {
      "key": "CX-3442",
      "codeSim": 0.6273,
      "msComposite": 0.742,
      "finalScore": 0.6846,
      "priorTier": "moderate",
      "subject": "Merge branch 'dev' of https://github.com/Connexus-inc/connexus-web-client into f",
      "codeSubject": "\"Invite to Connexus Verify\" Option Not Available for Non-Adm"
    },
    {
      "key": "CX-3442",
      "codeSim": 0.6273,
      "msComposite": 0.742,
      "finalScore": 0.6846,
      "priorTier": "moderate",
      "subject": "Merge branch 'dev' of https://github.com/Connexus-inc/connexus-web-client into f",
      "codeSubject": "\"Invite to Connexus Verify\" Option Not Available for Non-Adm"
    },
    {
      "key": "CX-3523",
      "codeSim": 0.5279,
      "msComposite": 0.84,
      "finalScore": 0.6839,
      "priorTier": "strong",
      "subject": "feat(venor-compliance): phone extension error fix",
      "codeSubject": "Vendor registration fails with phone extension validation er"
    },
    {
      "key": "CX-3433",
      "codeSim": 0.5399,
      "msComposite": 0.81,
      "finalScore": 0.675,
      "priorTier": "strong",
      "subject": "feat(venor-compliance): consent form ui changes added",
      "codeSubject": "UI Inconsistency in Vendor Registration Form -Consent Form\u2013 "
    },
    {
      "key": "CX-3351",
      "codeSim": 0.4775,
      "msComposite": 0.87,
      "finalScore": 0.6738,
      "priorTier": "strong",
      "subject": "fix: api udpated for get sow to post",
      "codeSubject": "Add health check endpoints to sow-rfq and esign api"
    },
    {
      "key": "CX-3528",
      "codeSim": 0.5453,
      "msComposite": 0.8,
      "finalScore": 0.6726,
      "priorTier": "moderate",
      "subject": "fix: city not populating on status api",
      "codeSubject": "City field is not auto-populated when SSN Verification Retry"
    },
    {
      "key": "CX-3429",
      "codeSim": 0.5093,
      "msComposite": 0.83,
      "finalScore": 0.6697,
      "priorTier": "moderate",
      "subject": "fix: phone number field update in invite vendor form",
      "codeSubject": "Phone Number Field Allows More Than 10 Digits in Vendor Invi"
    },
    {
      "key": "CX-3254",
      "codeSim": 0.436,
      "msComposite": 0.9,
      "finalScore": 0.668,
      "priorTier": "strong",
      "subject": "fix: msa contract date string issue fix",
      "codeSubject": "Start Date and End Date filters not working correctly in MSA"
    },
    {
      "key": "CX-3438",
      "codeSim": 0.5027,
      "msComposite": 0.83,
      "finalScore": 0.6663,
      "priorTier": "moderate",
      "subject": "fix: prevents system from selecting already invited vendors",
      "codeSubject": "System Allows Selection of Already Invited Vendor from Exist"
    },
    {
      "key": "CX-3431",
      "codeSim": 0.5414,
      "msComposite": 0.79,
      "finalScore": 0.6657,
      "priorTier": "strong",
      "subject": "feat(venor-compliance): phone number auto populate issue fix",
      "codeSubject": "Phone number added through Vendor Invite shows undefined in "
    }
  ],
  "ticketsStillUncoveredAfterMultiSignal": [
    "CX-2734",
    "CX-2983",
    "CX-3162",
    "CX-3163",
    "CX-3391",
    "CX-3412",
    "CX-3418",
    "CX-3430",
    "CX-3432",
    "CX-3434",
    "CX-3438",
    "CX-3439",
    "CX-3442",
    "CX-3477",
    "CX-3488",
    "CX-3518"
  ],
  "methodology": {
    "embedding": "sentence-transformers/all-MiniLM-L6-v2",
    "textPerCommit": "subject (\u2264200) + body (\u2264800) + first 40 +/-lines + files + function signatures, total \u22643000 chars",
    "textPerTicket": "summary + first 1500 chars of description",
    "cosine": "L2-normalised dot product",
    "finalScore": "0.50 * codeSimilarity + 0.50 * max(priorMultiSignal, 0)"
  }
}
